
%Q bollobas1986
%A B\'ela Bollob\'as
%T Combinatorics
%I Cambridge University Press
%C Cambridge
%Y 1986

%Q additivecombinatorics
%A Terence Tao
%A Van Ha Vu
%T Additive Combinatorics
%I Cambridge University Press
%C Cambridge
%Y 2006

%Q probmethod
%A Noga Alon
%A Joel Harold Spencer
%T The Probabilistic Method,
%I Wiley-Interscience
%C New York
%Y 2000

END
