
%Q lo1943
%A John Edensor Littlewood
%A Albert Cyril Offord
%D 1943
%T On the number of real roots of a random algebraic equation (III)
%J Matematicheskii Sbornik
%V 12
%P 277-286

%Q erdos1945
%A Paul Erd\H os
%T On a lemma of Littlewood and Offord
%J Bulletin of the American Mathematical Society
%V 51
%P 898-902
%D 1945

%Q bollobas1986
%A B\'ela Bollob\'as
%T Combinatorics
%I Cambridge University Press
%C Cambridge
%Y 1986
