
%A Terence Tao
%T An uncertainty principle for cyclic groups of prime order
%J Mathematical Research Letters
%V 12
%D 2005
%P 121-127

%Q additivecombinatorics
%A Terence Tao
%A Van Ha Vu
%T Additive Combinatorics
%I Cambridge University Press
%C Cambridge
%Y 2006

%A Nikolai Tschebotareff
%T Die Bestimmung der Dichtigkeit einer Menge von Primzahlen, welche zu einer gegebenen Substitutionsklasse geh\"oren
%J Mathematische Annalen
%V 95
%D 1926
%P 191-228
